
> placemate-client@1.0.0 build
> vite build

[36mvite v6.4.1 [32mbuilding for production...[36m[39m
transforming...
[32mΓ£ô[39m 1706 modules transformed.
rendering chunks...
computing gzip size...
[2mdist/[22m[32mindex.html                  [39m[1m[2m  0.51 kB[22m[1m[22m[2m Γöé gzip:   0.33 kB[22m
[2mdist/[22m[35massets/index-CaPVredd.css   [39m[1m[2m 48.76 kB[22m[1m[22m[2m Γöé gzip:   7.77 kB[22m
[2mdist/[22m[36massets/chunk13-C-EhpHm1.js  [39m[1m[2m 49.53 kB[22m[1m[22m[2m Γöé gzip:   5.11 kB[22m
[2mdist/[22m[36massets/chunk2-QB4TuK2x.js   [39m[1m[2m113.34 kB[22m[1m[22m[2m Γöé gzip:  10.26 kB[22m
[2mdist/[22m[36massets/chunk4-CsCZcgKb.js   [39m[1m[2m124.48 kB[22m[1m[22m[2m Γöé gzip:  11.70 kB[22m
[2mdist/[22m[36massets/chunk6-DhYSBOJ6.js   [39m[1m[2m131.41 kB[22m[1m[22m[2m Γöé gzip:  13.15 kB[22m
[2mdist/[22m[36massets/chunk9-CUbnmmez.js   [39m[1m[2m148.46 kB[22m[1m[22m[2m Γöé gzip:  14.14 kB[22m
[2mdist/[22m[36massets/chunk5-BKOFZSHN.js   [39m[1m[2m149.36 kB[22m[1m[22m[2m Γöé gzip:  13.64 kB[22m
[2mdist/[22m[36massets/chunk11-ZkDjigJl.js  [39m[1m[2m151.24 kB[22m[1m[22m[2m Γöé gzip:  13.76 kB[22m
[2mdist/[22m[36massets/chunk7-DDzdGVux.js   [39m[1m[2m165.65 kB[22m[1m[22m[2m Γöé gzip:  14.67 kB[22m
[2mdist/[22m[36massets/chunk1-DW1vohf0.js   [39m[1m[2m165.97 kB[22m[1m[22m[2m Γöé gzip:  14.62 kB[22m
[2mdist/[22m[36massets/chunk10-BOLV2Sb6.js  [39m[1m[2m168.21 kB[22m[1m[22m[2m Γöé gzip:  15.51 kB[22m
[2mdist/[22m[36massets/chunk3-D8m5sIJR.js   [39m[1m[2m170.96 kB[22m[1m[22m[2m Γöé gzip:  16.32 kB[22m
[2mdist/[22m[36massets/chunk8-BQbfWXld.js   [39m[1m[2m185.28 kB[22m[1m[22m[2m Γöé gzip:  16.79 kB[22m
[2mdist/[22m[36massets/chunk12-DWPmyItD.js  [39m[1m[2m187.04 kB[22m[1m[22m[2m Γöé gzip:  16.76 kB[22m
[2mdist/[22m[36massets/chunk0-DpiHPcR2.js   [39m[1m[2m189.93 kB[22m[1m[22m[2m Γöé gzip:  16.59 kB[22m
[2mdist/[22m[36massets/index-KSLkGDXz.js    [39m[1m[33m532.95 kB[39m[22m[2m Γöé gzip: 152.55 kB[22m
node.exe : [33m
At line:1 char:1
+ & "C:\Program Files\n
odejs\node_modules/node
.exe" "C:\Program 
Files\n ...
+ ~~~~~~~~~~~~~~~~~~~~~
~~~~~~~~~~~~~~~~~~~~~~~
~~~~~~~~~~~~~~~~~~~~~~~
~~
    + CategoryInfo     
         : NotSpecifi  
  ed: ([33m:String)   
  [], RemoteExcepti    
on
    + FullyQualifiedEr 
   rorId : NativeComm  
  andError
 
(!) Some chunks are 
larger than 500 kB 
after minification. 
Consider:
- Using dynamic 
import() to code-split 
the application
- Use build.rollupOptio
ns.output.manualChunks 
to improve chunking: ht
tps://rollupjs.org/conf
iguration-options/#outp
ut-manualchunks
- Adjust chunk size 
limit for this warning 
via build.chunkSizeWarn
ingLimit.[39m
[32mΓ£ô built in 4.79s[39m
